// Jest Snapshot v1, https://goo.gl/fbAQLP

exports[`<SideNav /> should render with given state from redux store 1`] = `
<div
  className="nav-side"
>
  <div
    className="nav-side__following-list"
  >
    <div
      className="following-card"
    >
      <div>
        <img
          alt="user thumnail"
          className="following-card__thumnail user-thumnail"
          src="mock thumnail 2"
        />
      </div>
      <div>
        <span
          className="following-card__user-name"
        >
          mock name 2
        </span>
        <span
          className="following-card__streaming-state"
        >
          Offline
        </span>
      </div>
    </div>
    <div
      className="following-card"
    >
      <div>
        <img
          alt="user thumnail"
          className="following-card__thumnail user-thumnail"
          src="mock thumnail 3"
        />
      </div>
      <div>
        <span
          className="following-card__user-name"
        >
          mock name 3
        </span>
        <span
          className="following-card__streaming-state"
        >
          Offline
        </span>
      </div>
    </div>
  </div>
</div>
`;
