// Jest Snapshot v1, https://goo.gl/fbAQLP

exports[`<Login /> should render with given state from redux store 1`] = `
<div
  className="login-container"
>
  <div
    className="login-container__title"
  >
    Anonym
  </div>
  <button
    className="login-container__login"
    data-testid="login"
    onClick={[Function]}
  >
    Goggle Login
  </button>
</div>
`;
