// Jest Snapshot v1, https://goo.gl/fbAQLP

exports[`<TopNav /> should render with given state from redux store 1`] = `
<nav
  className="nav-top"
>
  <div>
    <a
      aria-current="page"
      className="nav-top__title active"
      href="/"
      onClick={[Function]}
      style={Object {}}
    >
      Anonym
    </a>
  </div>
  <div
    className="nav-top__search-bar"
  >
    <form
      onSubmit={[Function]}
    >
      <input
        className="input-text"
        onChange={[Function]}
        type="text"
        value=""
      />
    </form>
  </div>
  <div>
    <a
      aria-current={null}
      href="/streaming/0"
      onClick={[Function]}
    >
      Streaming
    </a>
    <a
      aria-current={null}
      href="/user/0"
      onClick={[Function]}
    >
      My Page
    </a>
    <a
      aria-current={null}
      href="/auth/login"
      onClick={[Function]}
    >
      Logout
    </a>
  </div>
</nav>
`;
